[
  {
    "MessageId": "theMessageId",
    "Name": "theName1",
    "Expiry": "2000-01-01T01:01:00"
  },
  {
    "MessageId": "theMessageId",
    "Name": "theName2",
    "Expiry": "2000-01-01T01:01:00"
  }
]