[
  {
    "Id": "A Guid",
    "MessageId": "theMessageId",
    "Name": "theName",
    "Expiry": "A DateTime"
  }
]