Attachments used when not enabled. For example SendOptions.Attachments() was used but Attachments was not enabled via EndpointConfiguration.EnableAttachments().