[
  {
    MessageId: 'theMessageId2',
    Name: 'theName',
    Expiry: 'DateTime 1',
    Metadata: {}
  }
]