[
  {
    MessageId: 'theMessageId',
    Name: 'theName',
    Expiry: DateTime_1,
    Metadata: {
      key: 'value'
    }
  }
]