[
  {
    "MessageId": "theMessageId2",
    "Name": "theName",
    "Expiry": "2002-01-01T01:01:01",
    "Metadata": {}
  }
]