[
  {
    "MessageId": "theMessageId",
    "Name": "theName1",
    "Expiry": "DateTime 1",
    "Metadata": {
      "key": "value"
    }
  },
  {
    "MessageId": "theMessageId",
    "Name": "theName2",
    "Expiry": "DateTime 1",
    "Metadata": {
      "key": "value"
    }
  }
]