[
  {
    MessageId: 'theMessageId',
    Name: 'theName',
    Expiry: 'DateTime 1',
    Metadata: {
      key: 'value'
    }
  }
]