[
  {
    MessageId: 'theMessageId1',
    Name: 'theName',
    Expiry: DateTime_1,
    Metadata: {}
  }
]